// Jest Snapshot v1, https://goo.gl/fbAQLP

exports[`solidarity should generate correct summary 1`] = `
"## Message
foo

## Configuration
Below is the configuration used for this check run:
\`\`\`yml
rules:
  master:
    regex:
      - /master/gi
    level: warning
    alternatives:
      - primary
      - main
      - leader
      - active
      - writer
  slave:
    regex:
      - /slave/gi
    level: warning
    alternatives:
      - secondary
      - node
      - worker
      - replica
      - passive
  whitelist:
    regex:
      - /white[_-]*list/gi
    level: warning
    alternatives:
      - include list
      - allow list
  blacklist:
    regex:
      - /black[_-]*list/gi
    level: warning
    alternatives:
      - exclude list
      - deny list
  grandfathered:
    regex:
      - /grandfathered/gi
    level: 'off'
    alternatives:
      - legacied
      - exempted
  sanity_check:
    regex:
      - /sanity[_-]*check/gi
    level: 'off'
    alternatives:
      - smoke test
      - confidence check
  man_hours:
    regex:
      - /man[_-]*hours/gi
    level: 'off'
    alternatives:
      - person-hours
      - human-hours
ignore:
  - .github/in-solidarity.yml
defaultMessage: >

  Please consider an alternative to \`{{match}}\`. 

  {{#if alternatives~}}


  Possibilities include: {{#each alternatives}}{{#if @index}},
  {{/if}}\`{{this}}\`{{/each}}

  {{~/if}}

\`\`\`

For more information on configuration and rules, check the [documentation](https://github.com/jpoehnelt/in-solidarity-bot/blob/main/docs/README.md).

## App version
* sha: [unknown](https://github.com/jpoehnelt/in-solidarity-bot/commit/unknown)
"
`;
